\BOOKMARK [0][]{chapter*.1}{\376\377\000A\000c\000k\000n\000o\000w\000l\000e\000d\000g\000e\000m\000e\000n\000t\000s}{}% 1
\BOOKMARK [0][]{chapter*.2}{\376\377\000A\000b\000s\000t\000r\000a\000c\000t}{}% 2
\BOOKMARK [0][]{chapter*.3}{\376\377\000R\000\351\000s\000u\000m\000\351}{}% 3
\BOOKMARK [0][]{chapter*.9}{\376\377\000G\000e\000n\000e\000r\000a\000l\000\040\000I\000n\000t\000r\000o\000d\000u\000c\000t\000i\000o\000n}{}% 4
\BOOKMARK [1][]{section*.10}{\376\377\000R\000e\000p\000o\000r\000t\000\040\000s\000t\000r\000u\000c\000t\000u\000r\000e}{chapter*.9}% 5
\BOOKMARK [0][]{chapter.1}{\376\377\0001\000\040\000G\000e\000n\000e\000r\000a\000l\000\040\000F\000r\000a\000m\000e\000w\000o\000r\000k}{}% 6
\BOOKMARK [1][]{section.1.1}{\376\377\0001\000.\0001\000\040\000I\000n\000t\000r\000o\000d\000u\000c\000t\000i\000o\000n}{chapter.1}% 7
\BOOKMARK [1][]{section.1.2}{\376\377\0001\000.\0002\000\040\000H\000o\000s\000t\000\040\000o\000r\000g\000a\000n\000i\000z\000a\000t\000i\000o\000n}{chapter.1}% 8
\BOOKMARK [2][]{subsection.1.2.1}{\376\377\0001\000.\0002\000.\0001\000\040\000P\000r\000e\000s\000e\000n\000t\000a\000t\000i\000o\000n}{section.1.2}% 9
\BOOKMARK [2][]{subsection.1.2.2}{\376\377\0001\000.\0002\000.\0002\000\040\000D\000e\000p\000a\000r\000t\000m\000e\000n\000t\000\040\000a\000n\000d\000\040\000i\000n\000t\000e\000r\000n\000s\000h\000i\000p\000\040\000c\000o\000n\000t\000e\000x\000t}{section.1.2}% 10
\BOOKMARK [1][]{section.1.3}{\376\377\0001\000.\0003\000\040\000P\000r\000o\000j\000e\000c\000t\000\040\000c\000o\000n\000t\000e\000x\000t}{chapter.1}% 11
\BOOKMARK [1][]{section.1.4}{\376\377\0001\000.\0004\000\040\000P\000r\000o\000b\000l\000e\000m\000\040\000s\000t\000a\000t\000e\000m\000e\000n\000t}{chapter.1}% 12
\BOOKMARK [1][]{section.1.5}{\376\377\0001\000.\0005\000\040\000O\000b\000j\000e\000c\000t\000i\000v\000e\000s}{chapter.1}% 13
\BOOKMARK [2][]{subsection.1.5.1}{\376\377\0001\000.\0005\000.\0001\000\040\000G\000e\000n\000e\000r\000a\000l\000\040\000o\000b\000j\000e\000c\000t\000i\000v\000e}{section.1.5}% 14
\BOOKMARK [2][]{subsection.1.5.2}{\376\377\0001\000.\0005\000.\0002\000\040\000S\000p\000e\000c\000i\000f\000i\000c\000\040\000o\000b\000j\000e\000c\000t\000i\000v\000e\000s}{section.1.5}% 15
\BOOKMARK [1][]{section.1.6}{\376\377\0001\000.\0006\000\040\000D\000e\000v\000e\000l\000o\000p\000m\000e\000n\000t\000\040\000m\000e\000t\000h\000o\000d\000o\000l\000o\000g\000y}{chapter.1}% 16
\BOOKMARK [2][]{subsection.1.6.1}{\376\377\0001\000.\0006\000.\0001\000\040\000W\000a\000t\000e\000r\000f\000a\000l\000l\000,\000\040\000A\000g\000i\000l\000e\000,\000\040\000a\000n\000d\000\040\000S\000c\000r\000u\000m}{section.1.6}% 17
\BOOKMARK [2][]{subsection.1.6.2}{\376\377\0001\000.\0006\000.\0002\000\040\000W\000h\000y\000\040\000S\000c\000r\000u\000m\000\040\000w\000a\000s\000\040\000c\000h\000o\000s\000e\000n\000\040\000f\000o\000r\000\040\000t\000h\000i\000s\000\040\000p\000r\000o\000j\000e\000c\000t}{section.1.6}% 18
\BOOKMARK [2][]{subsection.1.6.3}{\376\377\0001\000.\0006\000.\0003\000\040\000H\000o\000w\000\040\000t\000h\000e\000\040\000r\000e\000a\000l\000\040\000p\000r\000o\000c\000e\000s\000s\000\040\000r\000e\000f\000l\000e\000c\000t\000e\000d\000\040\000S\000c\000r\000u\000m\000\040\000c\000o\000n\000c\000e\000p\000t\000s}{section.1.6}% 19
\BOOKMARK [2][]{subsection.1.6.4}{\376\377\0001\000.\0006\000.\0004\000\040\000C\000o\000n\000c\000l\000u\000s\000i\000o\000n}{section.1.6}% 20
\BOOKMARK [1][]{section.1.7}{\376\377\0001\000.\0007\000\040\000C\000o\000n\000c\000l\000u\000s\000i\000o\000n}{chapter.1}% 21
\BOOKMARK [0][]{chapter.2}{\376\377\0002\000\040\000R\000e\000q\000u\000i\000r\000e\000m\000e\000n\000t\000s\000\040\000A\000n\000a\000l\000y\000s\000i\000s}{}% 22
\BOOKMARK [1][]{section.2.1}{\376\377\0002\000.\0001\000\040\000I\000n\000t\000r\000o\000d\000u\000c\000t\000i\000o\000n}{chapter.2}% 23
\BOOKMARK [1][]{section.2.2}{\376\377\0002\000.\0002\000\040\000E\000x\000i\000s\000t\000i\000n\000g\000\040\000s\000o\000l\000u\000t\000i\000o\000n\000s\000\040\000a\000n\000a\000l\000y\000s\000i\000s}{chapter.2}% 24
\BOOKMARK [2][]{subsection.2.2.1}{\376\377\0002\000.\0002\000.\0001\000\040\000C\000a\000t\000e\000g\000o\000r\000y\000\040\0001\000:\000\040\000C\000A\000N\000\040\000a\000n\000a\000l\000y\000z\000e\000r\000s}{section.2.2}% 25
\BOOKMARK [2][]{subsection.2.2.2}{\376\377\0002\000.\0002\000.\0002\000\040\000C\000a\000t\000e\000g\000o\000r\000y\000\040\0002\000:\000\040\000I\000D\000S\000\040\000t\000o\000o\000l\000s}{section.2.2}% 26
\BOOKMARK [2][]{subsection.2.2.3}{\376\377\0002\000.\0002\000.\0003\000\040\000C\000a\000t\000e\000g\000o\000r\000y\000\040\0003\000:\000\040\000S\000t\000a\000t\000i\000c\000\040\000v\000i\000e\000w\000e\000r\000s\000\040\000a\000n\000d\000\040\000d\000i\000a\000g\000n\000o\000s\000t\000i\000c\000\040\000s\000c\000a\000n\000n\000e\000r\000s}{section.2.2}% 27
\BOOKMARK [2][]{subsection.2.2.4}{\376\377\0002\000.\0002\000.\0004\000\040\000C\000u\000r\000r\000e\000n\000t\000\040\000l\000i\000m\000i\000t\000a\000t\000i\000o\000n\000s}{section.2.2}% 28
\BOOKMARK [2][]{subsection.2.2.5}{\376\377\0002\000.\0002\000.\0005\000\040\000W\000h\000y\000\040\000C\000A\000N\000v\000i\000s\000i\000o\000n\000N\000a\000t\000i\000v\000e\000\040\000i\000s\000\040\000d\000i\000f\000f\000e\000r\000e\000n\000t}{section.2.2}% 29
\BOOKMARK [1][]{section.2.3}{\376\377\0002\000.\0003\000\040\000F\000u\000n\000c\000t\000i\000o\000n\000a\000l\000\040\000r\000e\000q\000u\000i\000r\000e\000m\000e\000n\000t\000s}{chapter.2}% 30
\BOOKMARK [1][]{section.2.4}{\376\377\0002\000.\0004\000\040\000N\000o\000n\000-\000f\000u\000n\000c\000t\000i\000o\000n\000a\000l\000\040\000r\000e\000q\000u\000i\000r\000e\000m\000e\000n\000t\000s}{chapter.2}% 31
\BOOKMARK [1][]{section.2.5}{\376\377\0002\000.\0005\000\040\000A\000c\000t\000o\000r\000s}{chapter.2}% 32
\BOOKMARK [1][]{section.2.6}{\376\377\0002\000.\0006\000\040\000U\000s\000e\000\040\000c\000a\000s\000e\000s}{chapter.2}% 33
\BOOKMARK [2][]{subsection.2.6.1}{\376\377\0002\000.\0006\000.\0001\000\040\000A\000c\000t\000i\000v\000i\000t\000y\000\040\000d\000i\000a\000g\000r\000a\000m\000\040\040\024\000\040\000i\000m\000p\000o\000r\000t\000\040\000a\000n\000d\000\040\000r\000e\000p\000l\000a\000y}{section.2.6}% 34
\BOOKMARK [2][]{subsection.2.6.2}{\376\377\0002\000.\0006\000.\0002\000\040\000S\000e\000q\000u\000e\000n\000c\000e\000\040\000d\000i\000a\000g\000r\000a\000m\000\040\040\024\000\040\000r\000e\000q\000u\000e\000s\000t\000\040\000a\000n\000\040\000A\000I\000\040\000e\000x\000p\000l\000a\000n\000a\000t\000i\000o\000n}{section.2.6}% 35
\BOOKMARK [1][]{section.2.7}{\376\377\0002\000.\0007\000\040\000R\000i\000s\000k\000\040\000a\000n\000a\000l\000y\000s\000i\000s}{chapter.2}% 36
\BOOKMARK [1][]{section.2.8}{\376\377\0002\000.\0008\000\040\000P\000l\000a\000n\000n\000i\000n\000g}{chapter.2}% 37
\BOOKMARK [1][]{section.2.9}{\376\377\0002\000.\0009\000\040\000R\000e\000q\000u\000i\000r\000e\000m\000e\000n\000t\000s\000\040\000t\000r\000a\000c\000e\000a\000b\000i\000l\000i\000t\000y}{chapter.2}% 38
\BOOKMARK [1][]{section.2.10}{\376\377\0002\000.\0001\0000\000\040\000C\000o\000n\000c\000l\000u\000s\000i\000o\000n}{chapter.2}% 39
\BOOKMARK [0][]{chapter.3}{\376\377\0003\000\040\000S\000y\000s\000t\000e\000m\000\040\000D\000e\000s\000i\000g\000n}{}% 40
\BOOKMARK [1][]{section.3.1}{\376\377\0003\000.\0001\000\040\000I\000n\000t\000r\000o\000d\000u\000c\000t\000i\000o\000n}{chapter.3}% 41
\BOOKMARK [1][]{section.3.2}{\376\377\0003\000.\0002\000\040\000T\000e\000c\000h\000n\000o\000l\000o\000g\000i\000e\000s\000\040\000u\000s\000e\000d}{chapter.3}% 42
\BOOKMARK [1][]{section.3.3}{\376\377\0003\000.\0003\000\040\000O\000v\000e\000r\000a\000l\000l\000\040\000a\000r\000c\000h\000i\000t\000e\000c\000t\000u\000r\000e}{chapter.3}% 43
\BOOKMARK [2][]{subsection.3.3.1}{\376\377\0003\000.\0003\000.\0001\000\040\000F\000r\000o\000n\000t\000e\000n\000d\000\040\000a\000r\000c\000h\000i\000t\000e\000c\000t\000u\000r\000e}{section.3.3}% 44
\BOOKMARK [2][]{subsection.3.3.2}{\376\377\0003\000.\0003\000.\0002\000\040\000B\000a\000c\000k\000e\000n\000d\000\040\000a\000r\000c\000h\000i\000t\000e\000c\000t\000u\000r\000e}{section.3.3}% 45
\BOOKMARK [2][]{subsection.3.3.3}{\376\377\0003\000.\0003\000.\0003\000\040\000D\000a\000t\000a\000b\000a\000s\000e}{section.3.3}% 46
\BOOKMARK [1][]{section.3.4}{\376\377\0003\000.\0004\000\040\000R\000E\000S\000T\000\040\000A\000P\000I}{chapter.3}% 47
\BOOKMARK [1][]{section.3.5}{\376\377\0003\000.\0005\000\040\000R\000e\000p\000l\000a\000y\000\040\000e\000n\000g\000i\000n\000e}{chapter.3}% 48
\BOOKMARK [1][]{section.3.6}{\376\377\0003\000.\0006\000\040\000D\000e\000t\000e\000c\000t\000i\000o\000n\000\040\000p\000i\000p\000e\000l\000i\000n\000e}{chapter.3}% 49
\BOOKMARK [1][]{section.3.7}{\376\377\0003\000.\0007\000\040\000M\000a\000c\000h\000i\000n\000e\000\040\000l\000e\000a\000r\000n\000i\000n\000g\000\040\000a\000p\000p\000r\000o\000a\000c\000h}{chapter.3}% 50
\BOOKMARK [2][]{subsection.3.7.1}{\376\377\0003\000.\0007\000.\0001\000\040\000F\000e\000a\000t\000u\000r\000e\000\040\000e\000n\000g\000i\000n\000e\000e\000r\000i\000n\000g}{section.3.7}% 51
\BOOKMARK [2][]{subsection.3.7.2}{\376\377\0003\000.\0007\000.\0002\000\040\000M\000o\000d\000e\000l\000\040\000s\000e\000l\000e\000c\000t\000i\000o\000n}{section.3.7}% 52
\BOOKMARK [3][]{subsubsection.3.7.2.1}{\376\377\0003\000.\0007\000.\0002\000.\0001\000\040\000P\000r\000o\000b\000l\000e\000m\000\040\000d\000e\000f\000i\000n\000i\000t\000i\000o\000n}{subsection.3.7.2}% 53
\BOOKMARK [3][]{subsubsection.3.7.2.2}{\376\377\0003\000.\0007\000.\0002\000.\0002\000\040\000S\000u\000p\000e\000r\000v\000i\000s\000e\000d\000\040\000v\000e\000r\000s\000u\000s\000\040\000u\000n\000s\000u\000p\000e\000r\000v\000i\000s\000e\000d\000\040\000l\000e\000a\000r\000n\000i\000n\000g}{subsection.3.7.2}% 54
\BOOKMARK [3][]{subsubsection.3.7.2.3}{\376\377\0003\000.\0007\000.\0002\000.\0003\000\040\000C\000a\000n\000d\000i\000d\000a\000t\000e\000\040\000a\000l\000g\000o\000r\000i\000t\000h\000m\000s}{subsection.3.7.2}% 55
\BOOKMARK [3][]{subsubsection.3.7.2.4}{\376\377\0003\000.\0007\000.\0002\000.\0004\000\040\000S\000e\000l\000e\000c\000t\000i\000o\000n\000\040\000c\000r\000i\000t\000e\000r\000i\000a\000\040\000a\000n\000d\000\040\000e\000n\000g\000i\000n\000e\000e\000r\000i\000n\000g\000\040\000j\000u\000s\000t\000i\000f\000i\000c\000a\000t\000i\000o\000n}{subsection.3.7.2}% 56
\BOOKMARK [3][]{subsubsection.3.7.2.5}{\376\377\0003\000.\0007\000.\0002\000.\0005\000\040\000T\000h\000e\000\040\000c\000o\000n\000t\000a\000m\000i\000n\000a\000t\000i\000o\000n\000\040\000p\000a\000r\000a\000m\000e\000t\000e\000r}{subsection.3.7.2}% 57
\BOOKMARK [2][]{subsection.3.7.3}{\376\377\0003\000.\0007\000.\0003\000\040\000T\000r\000a\000i\000n\000i\000n\000g\000\040\000p\000i\000p\000e\000l\000i\000n\000e}{section.3.7}% 58
\BOOKMARK [2][]{subsection.3.7.4}{\376\377\0003\000.\0007\000.\0004\000\040\000I\000s\000o\000l\000a\000t\000i\000o\000n\000\040\000F\000o\000r\000e\000s\000t\000\040\000s\000c\000o\000r\000i\000n\000g}{section.3.7}% 59
\BOOKMARK [2][]{subsection.3.7.5}{\376\377\0003\000.\0007\000.\0005\000\040\000S\000t\000a\000t\000e\000\040\000c\000l\000a\000s\000s\000i\000f\000i\000c\000a\000t\000i\000o\000n}{section.3.7}% 60
\BOOKMARK [2][]{subsection.3.7.6}{\376\377\0003\000.\0007\000.\0006\000\040\000R\000u\000n\000t\000i\000m\000e\000\040\000i\000n\000f\000e\000r\000e\000n\000c\000e}{section.3.7}% 61
\BOOKMARK [1][]{section.3.8}{\376\377\0003\000.\0008\000\040\000H\000a\000r\000d\000w\000a\000r\000e\000\040\000l\000a\000y\000e\000r}{chapter.3}% 62
\BOOKMARK [1][]{section.3.9}{\376\377\0003\000.\0009\000\040\000A\000I\000\040\000e\000x\000p\000l\000a\000n\000a\000t\000i\000o\000n\000\040\000e\000n\000g\000i\000n\000e}{chapter.3}% 63
\BOOKMARK [1][]{section.3.10}{\376\377\0003\000.\0001\0000\000\040\000C\000l\000a\000s\000s\000\040\000d\000i\000a\000g\000r\000a\000m\000\040\000\050\000b\000a\000c\000k\000e\000n\000d\000\040\000d\000e\000t\000e\000c\000t\000i\000o\000n\000\040\000c\000o\000r\000e\000\051}{chapter.3}% 64
\BOOKMARK [1][]{section.3.11}{\376\377\0003\000.\0001\0001\000\040\000D\000e\000p\000l\000o\000y\000m\000e\000n\000t\000\040\000d\000i\000a\000g\000r\000a\000m}{chapter.3}% 65
\BOOKMARK [1][]{section.3.12}{\376\377\0003\000.\0001\0002\000\040\000C\000o\000n\000c\000l\000u\000s\000i\000o\000n}{chapter.3}% 66
\BOOKMARK [0][]{chapter.4}{\376\377\0004\000\040\000I\000m\000p\000l\000e\000m\000e\000n\000t\000a\000t\000i\000o\000n}{}% 67
\BOOKMARK [1][]{section.4.1}{\376\377\0004\000.\0001\000\040\000I\000n\000t\000r\000o\000d\000u\000c\000t\000i\000o\000n}{chapter.4}% 68
\BOOKMARK [1][]{section.4.2}{\376\377\0004\000.\0002\000\040\000D\000e\000v\000e\000l\000o\000p\000m\000e\000n\000t\000\040\000e\000n\000v\000i\000r\000o\000n\000m\000e\000n\000t}{chapter.4}% 69
\BOOKMARK [1][]{section.4.3}{\376\377\0004\000.\0003\000\040\000R\000e\000p\000o\000s\000i\000t\000o\000r\000y\000\040\000o\000r\000g\000a\000n\000i\000z\000a\000t\000i\000o\000n}{chapter.4}% 70
\BOOKMARK [1][]{section.4.4}{\376\377\0004\000.\0004\000\040\000W\000P\000F\000\040\000a\000p\000p\000l\000i\000c\000a\000t\000i\000o\000n}{chapter.4}% 71
\BOOKMARK [1][]{section.4.5}{\376\377\0004\000.\0005\000\040\000F\000a\000s\000t\000A\000P\000I\000\040\000b\000a\000c\000k\000e\000n\000d}{chapter.4}% 72
\BOOKMARK [2][]{subsection.4.5.1}{\376\377\0004\000.\0005\000.\0001\000\040\000R\000e\000p\000l\000a\000y\000\040\000e\000n\000g\000i\000n\000e}{section.4.5}% 73
\BOOKMARK [2][]{subsection.4.5.2}{\376\377\0004\000.\0005\000.\0002\000\040\000P\000a\000r\000s\000e\000r\000\040\000a\000n\000d\000\040\000c\000a\000n\000o\000n\000i\000c\000a\000l\000\040\000f\000r\000a\000m\000e\000\040\000r\000e\000p\000r\000e\000s\000e\000n\000t\000a\000t\000i\000o\000n}{section.4.5}% 74
\BOOKMARK [2][]{subsection.4.5.3}{\376\377\0004\000.\0005\000.\0003\000\040\000M\000F\0004\000\040\000c\000o\000n\000v\000e\000r\000s\000i\000o\000n}{section.4.5}% 75
\BOOKMARK [2][]{subsection.4.5.4}{\376\377\0004\000.\0005\000.\0004\000\040\000V\000e\000h\000i\000c\000l\000e\000\040\000p\000r\000o\000f\000i\000l\000e\000\040\000s\000y\000s\000t\000e\000m}{section.4.5}% 76
\BOOKMARK [1][]{section.4.6}{\376\377\0004\000.\0006\000\040\000A\000I\000\040\000e\000x\000p\000l\000a\000n\000a\000t\000i\000o\000n\000\040\000m\000o\000d\000u\000l\000e}{chapter.4}% 77
\BOOKMARK [1][]{section.4.7}{\376\377\0004\000.\0007\000\040\000C\000h\000a\000r\000t\000s}{chapter.4}% 78
\BOOKMARK [1][]{section.4.8}{\376\377\0004\000.\0008\000\040\000E\000x\000p\000o\000r\000t}{chapter.4}% 79
\BOOKMARK [1][]{section.4.9}{\376\377\0004\000.\0009\000\040\000S\000e\000t\000t\000i\000n\000g\000s}{chapter.4}% 80
\BOOKMARK [1][]{section.4.10}{\376\377\0004\000.\0001\0000\000\040\000H\000a\000r\000d\000w\000a\000r\000e}{chapter.4}% 81
\BOOKMARK [1][]{section.4.11}{\376\377\0004\000.\0001\0001\000\040\000C\000o\000n\000c\000l\000u\000s\000i\000o\000n}{chapter.4}% 82
\BOOKMARK [0][]{chapter.5}{\376\377\0005\000\040\000V\000a\000l\000i\000d\000a\000t\000i\000o\000n\000\040\000a\000n\000d\000\040\000R\000e\000s\000u\000l\000t\000s}{}% 83
\BOOKMARK [1][]{section.5.1}{\376\377\0005\000.\0001\000\040\000I\000n\000t\000r\000o\000d\000u\000c\000t\000i\000o\000n}{chapter.5}% 84
\BOOKMARK [1][]{section.5.2}{\376\377\0005\000.\0002\000\040\000V\000a\000l\000i\000d\000a\000t\000i\000o\000n\000\040\000m\000e\000t\000h\000o\000d\000o\000l\000o\000g\000y}{chapter.5}% 85
\BOOKMARK [2][]{subsection.5.2.1}{\376\377\0005\000.\0002\000.\0001\000\040\000I\000n\000t\000e\000r\000a\000c\000t\000i\000v\000e\000\040\000U\000I\000\040\000a\000u\000d\000i\000t}{section.5.2}% 86
\BOOKMARK [2][]{subsection.5.2.2}{\376\377\0005\000.\0002\000.\0002\000\040\000R\000e\000p\000o\000s\000i\000t\000o\000r\000y\000\040\000a\000u\000d\000i\000t}{section.5.2}% 87
\BOOKMARK [1][]{section.5.3}{\376\377\0005\000.\0003\000\040\000R\000e\000a\000l\000-\000d\000a\000t\000a\000\040\000v\000a\000l\000i\000d\000a\000t\000i\000o\000n\000\040\000s\000e\000t\000u\000p}{chapter.5}% 88
\BOOKMARK [2][]{subsection.5.3.1}{\376\377\0005\000.\0003\000.\0001\000\040\000D\000a\000t\000a\000s\000e\000t}{section.5.3}% 89
\BOOKMARK [2][]{subsection.5.3.2}{\376\377\0005\000.\0003\000.\0002\000\040\000M\000F\0004\000\040\000v\000a\000l\000i\000d\000a\000t\000i\000o\000n\000\040\000w\000o\000r\000k\000f\000l\000o\000w}{section.5.3}% 90
\BOOKMARK [1][]{section.5.4}{\376\377\0005\000.\0004\000\040\000R\000o\000o\000t\000-\000c\000a\000u\000s\000e\000\040\000a\000n\000a\000l\000y\000s\000i\000s\000\040\000o\000f\000\040\000t\000h\000e\000\040\000i\000n\000i\000t\000i\000a\000l\000\040\000a\000l\000e\000r\000t\000\040\000v\000o\000l\000u\000m\000e}{chapter.5}% 91
\BOOKMARK [1][]{section.5.5}{\376\377\0005\000.\0005\000\040\000E\000n\000g\000i\000n\000e\000e\000r\000i\000n\000g\000\040\000c\000o\000r\000r\000e\000c\000t\000i\000o\000n\000\040\000p\000h\000a\000s\000e}{chapter.5}% 92
\BOOKMARK [2][]{subsection.5.5.1}{\376\377\0005\000.\0005\000.\0001\000\040\000F\000i\000x\000\040\0001\000\040\040\024\000\040\000V\000e\000h\000i\000c\000l\000e\000\040\000m\000o\000d\000e\000l\000\040\000s\000e\000l\000e\000c\000t\000i\000o\000n}{section.5.5}% 93
\BOOKMARK [2][]{subsection.5.5.2}{\376\377\0005\000.\0005\000.\0002\000\040\000F\000i\000x\000\040\0002\000\040\040\024\000\040\000D\000r\000i\000v\000i\000n\000g\000-\000s\000t\000a\000t\000e\000\040\000c\000l\000a\000s\000s\000i\000f\000i\000c\000a\000t\000i\000o\000n}{section.5.5}% 94
\BOOKMARK [2][]{subsection.5.5.3}{\376\377\0005\000.\0005\000.\0003\000\040\000F\000i\000x\000\040\0003\000\040\040\024\000\040\000R\000e\000a\000s\000o\000n\000\040\000a\000t\000t\000r\000i\000b\000u\000t\000i\000o\000n}{section.5.5}% 95
\BOOKMARK [2][]{subsection.5.5.4}{\376\377\0005\000.\0005\000.\0004\000\040\000F\000i\000x\000\040\0004\000\040\040\024\000\040\000R\000e\000p\000l\000a\000y\000\040\000p\000a\000r\000s\000e\000r\000\040\000c\000o\000n\000s\000i\000s\000t\000e\000n\000c\000y}{section.5.5}% 96
\BOOKMARK [2][]{subsection.5.5.5}{\376\377\0005\000.\0005\000.\0005\000\040\000F\000i\000x\000\040\0005\000\040\040\024\000\040\000A\000l\000e\000r\000t\000-\000p\000o\000l\000l\000i\000n\000g\000\040\000t\000i\000m\000e\000r\000\040\000l\000e\000f\000t\000\040\000s\000t\000o\000p\000p\000e\000d}{section.5.5}% 97
\BOOKMARK [2][]{subsection.5.5.6}{\376\377\0005\000.\0005\000.\0006\000\040\000F\000i\000x\000\040\0006\000\040\040\024\000\040\000A\000I\000\040\000e\000x\000p\000l\000a\000n\000a\000t\000i\000o\000n\000\040\000c\000a\000c\000h\000e\000\040\000s\000t\000a\000l\000e\000n\000e\000s\000s}{section.5.5}% 98
\BOOKMARK [1][]{section.5.6}{\376\377\0005\000.\0006\000\040\000B\000e\000f\000o\000r\000e\000/\000a\000f\000t\000e\000r\000\040\000m\000e\000a\000s\000u\000r\000e\000m\000e\000n\000t\000s}{chapter.5}% 99
\BOOKMARK [1][]{section.5.7}{\376\377\0005\000.\0007\000\040\000E\000x\000p\000o\000r\000t\000\040\000v\000a\000l\000i\000d\000a\000t\000i\000o\000n}{chapter.5}% 100
\BOOKMARK [1][]{section.5.8}{\376\377\0005\000.\0008\000\040\000S\000u\000m\000m\000a\000r\000y\000\040\000o\000f\000\040\000e\000n\000g\000i\000n\000e\000e\000r\000i\000n\000g\000\040\000f\000i\000x\000e\000s}{chapter.5}% 101
\BOOKMARK [1][]{section.5.9}{\376\377\0005\000.\0009\000\040\000S\000o\000f\000t\000w\000a\000r\000e\000\040\000r\000e\000a\000d\000i\000n\000e\000s\000s}{chapter.5}% 102
\BOOKMARK [1][]{section.5.10}{\376\377\0005\000.\0001\0000\000\040\000D\000i\000s\000c\000u\000s\000s\000i\000o\000n}{chapter.5}% 103
\BOOKMARK [1][]{section.5.11}{\376\377\0005\000.\0001\0001\000\040\000L\000i\000m\000i\000t\000a\000t\000i\000o\000n\000s}{chapter.5}% 104
\BOOKMARK [1][]{section.5.12}{\376\377\0005\000.\0001\0002\000\040\000F\000u\000t\000u\000r\000e\000\040\000i\000m\000p\000r\000o\000v\000e\000m\000e\000n\000t\000s}{chapter.5}% 105
\BOOKMARK [1][]{section.5.13}{\376\377\0005\000.\0001\0003\000\040\000C\000o\000n\000c\000l\000u\000s\000i\000o\000n}{chapter.5}% 106
\BOOKMARK [0][]{chapter*.58}{\376\377\000G\000e\000n\000e\000r\000a\000l\000\040\000C\000o\000n\000c\000l\000u\000s\000i\000o\000n}{}% 107
\BOOKMARK [1][]{section*.59}{\376\377\000A\000c\000h\000i\000e\000v\000e\000m\000e\000n\000t\000s}{chapter*.58}% 108
\BOOKMARK [1][]{section*.60}{\376\377\000O\000b\000j\000e\000c\000t\000i\000v\000e\000s\000\040\000r\000e\000a\000c\000h\000e\000d}{chapter*.58}% 109
\BOOKMARK [1][]{section*.61}{\376\377\000S\000c\000i\000e\000n\000t\000i\000f\000i\000c\000\040\000c\000o\000n\000t\000r\000i\000b\000u\000t\000i\000o\000n\000s}{chapter*.58}% 110
\BOOKMARK [1][]{section*.62}{\376\377\000E\000n\000g\000i\000n\000e\000e\000r\000i\000n\000g\000\040\000c\000o\000n\000t\000r\000i\000b\000u\000t\000i\000o\000n\000s}{chapter*.58}% 111
\BOOKMARK [1][]{section*.63}{\376\377\000L\000i\000m\000i\000t\000a\000t\000i\000o\000n\000s}{chapter*.58}% 112
\BOOKMARK [1][]{section*.64}{\376\377\000F\000u\000t\000u\000r\000e\000\040\000w\000o\000r\000k}{chapter*.58}% 113
\BOOKMARK [0][]{appendix.A}{\376\377\000A\000\040\000R\000E\000S\000T\000\040\000A\000P\000I\000\040\000E\000n\000d\000p\000o\000i\000n\000t\000s}{}% 114
\BOOKMARK [0][]{appendix.B}{\376\377\000B\000\040\000C\000o\000n\000f\000i\000g\000u\000r\000a\000t\000i\000o\000n}{}% 115
\BOOKMARK [1][]{appendix.B.1}{\376\377\000B\000.\0001\000\040\000R\000e\000q\000u\000i\000r\000e\000m\000e\000n\000t\000s}{appendix.B}% 116
\BOOKMARK [1][]{appendix.B.2}{\376\377\000B\000.\0002\000\040\000K\000e\000y\000\040\000P\000y\000t\000h\000o\000n\000\040\000d\000e\000p\000e\000n\000d\000e\000n\000c\000i\000e\000s}{appendix.B}% 117
\BOOKMARK [1][]{appendix.B.3}{\376\377\000B\000.\0003\000\040\000B\000a\000c\000k\000e\000n\000d\000\040\000s\000t\000a\000r\000t\000u\000p}{appendix.B}% 118
\BOOKMARK [1][]{appendix.B.4}{\376\377\000B\000.\0004\000\040\000P\000e\000r\000s\000i\000s\000t\000e\000d\000\040\000c\000o\000n\000f\000i\000g\000u\000r\000a\000t\000i\000o\000n}{appendix.B}% 119
\BOOKMARK [1][]{appendix.B.5}{\376\377\000B\000.\0005\000\040\000F\000u\000s\000i\000o\000n\000\040\000s\000c\000o\000r\000e\000\040\000c\000o\000n\000f\000i\000g\000u\000r\000a\000t\000i\000o\000n}{appendix.B}% 120
\BOOKMARK [0][]{appendix.C}{\376\377\000C\000\040\000D\000a\000t\000a\000s\000e\000t\000s}{}% 121
\BOOKMARK [1][]{appendix.C.1}{\376\377\000C\000.\0001\000\040\000T\000r\000a\000i\000n\000i\000n\000g\000\040\000c\000o\000r\000p\000u\000s}{appendix.C}% 122
\BOOKMARK [1][]{appendix.C.2}{\376\377\000C\000.\0002\000\040\000D\000a\000t\000a\000s\000e\000t\000\040\000d\000e\000s\000c\000r\000i\000p\000t\000i\000o\000n\000s}{appendix.C}% 123
\BOOKMARK [1][]{appendix.C.3}{\376\377\000C\000.\0003\000\040\000S\000e\000l\000e\000c\000t\000i\000o\000n\000\040\000c\000r\000i\000t\000e\000r\000i\000a}{appendix.C}% 124
\BOOKMARK [1][]{appendix.C.4}{\376\377\000C\000.\0004\000\040\000W\000h\000y\000\040\000t\000h\000e\000\040\000K\000i\000a\000\040\000E\000V\0006\000\040\000r\000e\000c\000o\000r\000d\000i\000n\000g\000\040\000b\000e\000c\000a\000m\000e\000\040\000t\000h\000e\000\040\000o\000f\000f\000i\000c\000i\000a\000l\000\040\000v\000a\000l\000i\000d\000a\000t\000i\000o\000n\000\040\000d\000a\000t\000a\000s\000e\000t}{appendix.C}% 125
\BOOKMARK [1][]{appendix.C.5}{\376\377\000C\000.\0005\000\040\000C\000r\000o\000s\000s\000-\000v\000a\000l\000i\000d\000a\000t\000i\000o\000n\000\040\000d\000a\000t\000a\000s\000e\000t}{appendix.C}% 126
\BOOKMARK [0][]{appendix.D}{\376\377\000D\000\040\000A\000d\000d\000i\000t\000i\000o\000n\000a\000l\000\040\000V\000a\000l\000i\000d\000a\000t\000i\000o\000n\000\040\000D\000a\000t\000a}{}% 127
\BOOKMARK [1][]{appendix.D.1}{\376\377\000D\000.\0001\000\040\000P\000o\000s\000t\000-\000c\000o\000r\000r\000e\000c\000t\000i\000o\000n\000\040\000a\000l\000e\000r\000t\000\040\000b\000r\000e\000a\000k\000d\000o\000w\000n}{appendix.D}% 128
\BOOKMARK [1][]{appendix.D.2}{\376\377\000D\000.\0002\000\040\000T\000o\000p\000\040\000a\000l\000e\000r\000t\000i\000n\000g\000\040\000C\000A\000N\000\040\000i\000d\000e\000n\000t\000i\000f\000i\000e\000r\000s}{appendix.D}% 129
\BOOKMARK [1][]{appendix.D.3}{\376\377\000D\000.\0003\000\040\000A\000d\000d\000i\000t\000i\000o\000n\000a\000l\000\040\000s\000c\000r\000e\000e\000n\000s\000h\000o\000t\000s}{appendix.D}% 130
\BOOKMARK [0][]{appendix.E}{\376\377\000E\000\040\000D\000a\000t\000a\000\040\000S\000o\000u\000r\000c\000e\000s\000\040\000S\000u\000m\000m\000a\000r\000y}{}% 131
